[keydesign-themes.com/intact/corporate/wp-content/themes/intact/images/favicon.png]
[backblue.gif]
[fade.gif]
[index.html]
[keydesign-themes.com/intact/corporate/comments/feed/index.html]
[keydesign-themes.com/intact/corporate/feed/index.html]
[keydesign-themes.com/intact/corporate/wp-content/cache/autoptimize/17/css/autoptimize_971b6015c1a25b037ac07b7286ee258f.css]
[keydesign-themes.com/intact/corporate/home/feed/index.html]
[keydesign-themes.com/intact/corporate/wp-content/plugins/google-analytics-for-wordpress/assets/js/frontend10df.js]
[keydesign-themes.com/intact/corporate/wp-includes/js/jquery/jquery-migrate.min330a.js]
[keydesign-themes.com/intact/corporate/wp-content/plugins/keydesign-addon/assets/js/jquery.easing.mina288.js]
[keydesign-themes.com/intact/corporate/wp-includes/js/jquery/jqueryb8ff.js]
[keydesign-themes.com/intact/corporate/wp-content/plugins/keydesign-addon/assets/js/owl.carousel.mina288.js]
[keydesign-themes.com/intact/corporate/wp-content/plugins/keydesign-addon/assets/js/jquery.easytabs.mina288.js]
[keydesign-themes.com/intact/corporate/wp-content/plugins/keydesign-addon/assets/js/jquery.appeara288.js]
[keydesign-themes.com/intact/corporate/wp-content/plugins/keydesign-addon/assets/js/kd_addon_scripta288.js]
[keydesign-themes.com/intact/corporate/wp-content/plugins/revslider/public/assets/js/jquery.themepunch.tools.min9009.js]
[keydesign-themes.com/intact/corporate/wp-content/plugins/keydesign-addon/assets/js/photoswipe.mina288.js]
[keydesign-themes.com/intact/corporate/wp-content/plugins/revslider/public/assets/js/jquery.themepunch.revolution.min9009.js]
[keydesign-themes.com/intact/corporate/wp-content/plugins/keydesign-addon/assets/js/photoswipe-ui-default.mina288.js]
[keydesign-themes.com/intact/corporate/xmlrpc0db0.php]
[keydesign-themes.com/intact/corporate/wp-json/index.html]
[keydesign-themes.com/intact/corporate/wp-json/oembed/1.0/embed7592.json]
[keydesign-themes.com/intact/corporate/wp-json/oembed/1.0/embedb603]
[use.typekit.net/tzw4gjp.js]
[keydesign-themes.com/intact/corporate/wp-content/uploads/sites/17/2017/03/slide1.jpg]
[keydesign-themes.com/intact/corporate/wp-content/uploads/sites/17/2017/03/img1-1.jpg]
[keydesign-themes.com/intact/corporate/wp-content/uploads/sites/17/2017/03/bg1-1.jpg]
[keydesign-themes.com/intact/corporate/wp-content/uploads/sites/17/2017/03/testimonials.jpg]
[keydesign-themes.com/intact/corporate/wp-content/uploads/sites/17/2017/03/uk.jpg]
[keydesign-themes.com/intact/corporate/wp-content/uploads/sites/17/2017/03/france.jpg]
[keydesign-themes.com/intact/corporate/wp-content/uploads/sites/17/2017/03/germany.jpg]
[keydesign-themes.com/intact/corporate/wp-content/uploads/sites/17/2017/03/us.jpg]
[keydesign-themes.com/intact/business/wp-content/uploads/sites/2/2017/02/logo-footer.jpg]
[keydesign-themes.com/intact/corporate/wp-content/plugins/contact-form-7/includes/js/scriptsa288.js]
[keydesign-themes.com/intact/corporate/wp-content/themes/intact/core/assets/js/bootstrap.mina288.js]
[keydesign-themes.com/intact/corporate/wp-includes/js/imagesloaded.min55a0.js]
[keydesign-themes.com/intact/corporate/wp-includes/js/masonry.mind617.js]
[keydesign-themes.com/intact/corporate/wp-content/themes/intact/core/assets/js/SmoothScrolla288.js]
[keydesign-themes.com/intact/corporate/wp-content/themes/intact/core/assets/js/scriptsa288.js]
[keydesign-themes.com/intact/corporate/wp-includes/js/wp-embed.mina288.js]
[keydesign-themes.com/intact/corporate/wp-content/plugins/keydesign-addon/assets/js/kd_progressbara288.js]
[keydesign-themes.com/intact/corporate/wp-content/plugins/js_composer/assets/js/dist/js_composer_front.min3c21.js]
[keydesign-themes.com/intact/corporate/wp-content/plugins/js_composer/assets/lib/vc_accordion/vc-accordion.min3c21.js]
[keydesign-themes.com/intact/corporate/wp-content/plugins/js_composer/assets/lib/vc-tta-autoplay/vc-tta-autoplay.min3c21.js]
[keydesign-themes.com/intact/corporate/wp-content/plugins/js_composer/assets/lib/vc_tabs/vc-tabs.min3c21.js]
[keydesign-themes.com/intact/corporate/wp-content/plugins/keydesign-addon/assets/js/kd_counttoa288.js]
[keydesign-themes.com/intact/images/demo1.jpg]
[keydesign-themes.com/intact/images/demo2.jpg]
[keydesign-themes.com/intact/images/demo3.jpg]
[keydesign-themes.com/intact/images/demo4.jpg]
[keydesign-themes.com/intact/images/demo5.jpg]
[keydesign-themes.com/intact/images/demo6.jpg]
[keydesign-themes.com/intact/images/demo7.jpg]
[keydesign-themes.com/intact/images/demo8.jpg]
[keydesign-themes.com/intact/images/demo9.jpg]
[keydesign-themes.com/intact/images/demo10.jpg]
[keydesign-themes.com/intact/images/demo11.jpg]
[keydesign-themes.com/intact/images/demo12.jpg]
[keydesign-themes.com/intact/corporate/index.html]
[keydesign-themes.com/intact/corporate/xmlrpc.php]
[keydesign-themes.com/intact/corporate/wp-content/plugins/contact-form-7/images/ajax-loader.gif]
[keydesign-themes.com/intact/corporate/wp-content/plugins/keydesign-addon/assets/img/quote1.png]
[keydesign-themes.com/intact/corporate/wp-content/plugins/revslider/public/assets/fonts/revicons/revicons90c6.eot]
[keydesign-themes.com/intact/corporate/wp-content/themes/intact/fonts/nucleo-outline.eot]
[keydesign-themes.com/intact/corporate/wp-content/plugins/js_composer/assets/vc/alert.png]
[keydesign-themes.com/intact/corporate/wp-content/plugins/keydesign-addon/assets/img/photoswipe/default-skin.png]
[keydesign-themes.com/intact/corporate/wp-content/cache/autoptimize/17/css/autoptimize_971b6015c1a25b037ac07b7286ee258f.css]
[keydesign-themes.com/intact/corporate/linkid.html]
[www.google-analytics.com/analytics.js]
[keydesign-themes.com/intact/corporate/wp-content/cache/autoptimize/17/css/autoptimize_66797a5b35b4dcce1c2b9724c7408afd.css]
[keydesign-themes.com/intact/corporate/wp-content/plugins/js_composer/assets/lib/bower/font-awesome/fonts/fontawesome-webfont5b62.eot]
[keydesign-themes.com/intact/corporate/wp-json/oembed/1.0/embede87e.json]
[keydesign-themes.com/intact/corporate/wp-json/oembed/1.0/embeda55f]
[keydesign-themes.com/intact/corporate/home/intro/index.html]
[keydesign-themes.com/intact/corporate/wp-content/cache/autoptimize/17/css/autoptimize_1e3188888cae3b4301b8c2f56b459d80.css]
[keydesign-themes.com/intact/corporate/home/services-we-provide/index.html]
[keydesign-themes.com/intact/corporate/wp-content/cache/autoptimize/17/css/autoptimize_3bf5997ab1a1141451566656bffa3cef.css]
[keydesign-themes.com/intact/corporate/wp-json/oembed/1.0/embedd40f.json]
[keydesign-themes.com/intact/corporate/wp-json/oembed/1.0/embeda8ea]
[keydesign-themes.com/intact/corporate/home/1917-2/index.html]
[keydesign-themes.com/intact/corporate/future-design-concept/feed/index.html]
[keydesign-themes.com/intact/corporate/wp-json/oembed/1.0/embed5d7d.json]
[keydesign-themes.com/intact/corporate/wp-json/oembed/1.0/embede147]
[keydesign-themes.com/intact/corporate/wp-includes/js/comment-reply.mina288.js]
[keydesign-themes.com/intact/corporate/future-design-concept/index.html]
[keydesign-themes.com/intact/corporate/wp-content/plugins/keydesign-addon/assets/fonts/iconsmindd41d.eot]
[keydesign-themes.com/intact/corporate/wp-json/oembed/1.0/embedc720.json]
[keydesign-themes.com/intact/corporate/stand-out-venues/feed/index.html]
[keydesign-themes.com/intact/corporate/wp-json/oembed/1.0/embed58c9]
[keydesign-themes.com/intact/corporate/stand-out-venues/index.html]
[keydesign-themes.com/intact/corporate/technology-upgraded/index.html]
[keydesign-themes.com/intact/corporate/wp-content/cache/autoptimize/17/css/autoptimize_66797a5b35b4dcce1c2b9724c7408afd.css]
[keydesign-themes.com/intact/corporate/home/intro/linkid.html]
[keydesign-themes.com/intact/corporate/indexc471.html]
[keydesign-themes.com/intact/corporate/wp-content/cache/autoptimize/17/css/autoptimize_1e3188888cae3b4301b8c2f56b459d80.css]
[keydesign-themes.com/intact/corporate/home/services-we-provide/linkid.html]
[keydesign-themes.com/intact/corporate/wp-json/oembed/1.0/embed365d]
[keydesign-themes.com/intact/corporate/wp-content/cache/autoptimize/17/css/autoptimize_3bf5997ab1a1141451566656bffa3cef.css]
[keydesign-themes.com/intact/corporate/home/1917-2/linkid.html]
[keydesign-themes.com/intact/corporate/index5757.html]
[keydesign-themes.com/intact/corporate/wp-json/oembed/1.0/embeddcf4]
[keydesign-themes.com/intact/corporate/wp-json/oembed/1.0/embed6bdc.json]
[keydesign-themes.com/intact/corporate/home/our-offices/index.html]
[keydesign-themes.com/intact/corporate/future-design-concept/linkid.html]
[keydesign-themes.com/intact/corporate/index2591.html]
[keydesign-themes.com/intact/corporate/author/admin/index.html]
[keydesign-themes.com/intact/corporate/category/bussiness/feed/index.html]
[keydesign-themes.com/intact/corporate/category/bussiness/index.html]
[keydesign-themes.com/intact/corporate/category/future/feed/index.html]
[keydesign-themes.com/intact/corporate/category/future/index.html]
[keydesign-themes.com/intact/corporate/category/uncategorized/index.html]
[keydesign-themes.com/intact/corporate/tag/development/feed/index.html]
[keydesign-themes.com/intact/corporate/tag/development/index.html]
[keydesign-themes.com/intact/corporate/tag/experiments/feed/index.html]
[keydesign-themes.com/intact/corporate/tag/experiments/index.html]
[keydesign-themes.com/intact/corporate/tag/technology/index.html]
[keydesign-themes.com/intact/corporate/future-design-concept/index267f.html]
[keydesign-themes.com/intact/corporate/future-design-concept/index41b7.html]
[keydesign-themes.com/intact/corporate/future-design-concept/index94a5.html]
[keydesign-themes.com/intact/corporate/2016/02/index.html]
[keydesign-themes.com/intact/corporate/2016/01/index.html]
[keydesign-themes.com/intact/corporate/category/general/feed/index.html]
[keydesign-themes.com/intact/corporate/category/general/index.html]
[keydesign-themes.com/intact/corporate/category/it/feed/index.html]
[keydesign-themes.com/intact/corporate/category/it/index.html]
[keydesign-themes.com/intact/corporate/wp-login.html]
[keydesign-themes.com/intact/corporate/stand-out-venues/linkid.html]
[keydesign-themes.com/intact/corporate/index0ed6.html]
[keydesign-themes.com/intact/corporate/wp-admin/load-stylesff53.css]
[keydesign-themes.com/intact/corporate/tag/framework/feed/index.html]
[keydesign-themes.com/intact/corporate/tag/framework/index.html]
[keydesign-themes.com/intact/corporate/tag/general/feed/index.html]
[keydesign-themes.com/intact/corporate/tag/general/index.html]
[keydesign-themes.com/intact/corporate/tag/study/feed/index.html]
[keydesign-themes.com/intact/corporate/tag/study/index.html]
[keydesign-themes.com/intact/corporate/stand-out-venues/index3094.html]
[keydesign-themes.com/intact/corporate/stand-out-venues/index8e42.html]
[keydesign-themes.com/intact/corporate/indexe145.html]
[keydesign-themes.com/intact/corporate/wp-json/oembed/1.0/embedff35]
[keydesign-themes.com/intact/corporate/wp-json/oembed/1.0/embedcb86]
[keydesign-themes.com/intact/corporate/tag/software/feed/index.html]
[keydesign-themes.com/intact/corporate/tag/software/index.html]
[connect.facebook.net/en_US/fbevents.js]
[keydesign-themes.com/intact/corporate/indexc1a5.html]
[keydesign-themes.com/intact/corporate/wp-json/oembed/1.0/embed058e]
[keydesign-themes.com/intact/corporate/author/admin/feed/index.html]
[keydesign-themes.com/intact/corporate/category/bussiness/linkid.html]
[keydesign-themes.com/intact/corporate/category/future/linkid.html]
[keydesign-themes.com/intact/corporate/tag/development/linkid.html]
[keydesign-themes.com/intact/corporate/tag/experiments/linkid.html]
[keydesign-themes.com/intact/corporate/tag/technology/linkid.html]
[keydesign-themes.com/intact/corporate/2016/01/linkid.html]
[keydesign-themes.com/intact/corporate/category/general/linkid.html]
[keydesign-themes.com/intact/corporate/category/it/linkid.html]
[keydesign-themes.com/intact/corporate/category/uncategorized/feed/index.html]
[keydesign-themes.com/intact/corporate/wp-admin/images/w-logo-blue7a53.png]
[keydesign-themes.com/intact/corporate/wp-admin/load-stylesff53.css]
[keydesign-themes.com/intact/corporate/tag/framework/linkid.html]
[keydesign-themes.com/intact/corporate/tag/general/linkid.html]
[keydesign-themes.com/intact/corporate/tag/study/linkid.html]
[keydesign-themes.com/intact/corporate/wp-includes/fonts/dashicons.eot]
[keydesign-themes.com/intact/corporate/tag/software/linkid.html]
[keydesign-themes.com/intact/corporate/indexc4f7.html]
[keydesign-themes.com/intact/corporate/home/our-offices/linkid.js]
[keydesign-themes.com/intact/corporate/2016/02/linkid.js]
[keydesign-themes.com/intact/corporate/wp-admin/images/loading.gif]
[keydesign-themes.com/intact/corporate/tag/technology/feed/index.html]
[keydesign-themes.com/intact/corporate/wp-admin/images/wordpress-logo7d6b.svg]
[keydesign-themes.com/intact/corporate/wp-admin/index.html]
[keydesign-themes.com/intact/corporate/stand-out-venues/index21b4.html]
[keydesign-themes.com/intact/corporate/technology-upgraded/linkid.js]
[keydesign-themes.com/intact/corporate/author/admin/linkid.js]
[keydesign-themes.com/intact/corporate/category/uncategorized/linkid.js]
[keydesign-themes.com/intact/corporate/wp-loginba54.html]
[keydesign-themes.com/intact/corporate/wp-admin/&reauth=1]
